// Jest Snapshot v1, https://goo.gl/fbAQLP

exports[`render expense list item 1`] = `
<div>
  <h3>
    <Link
      replace={false}
      to="/edit/2"
    >
      Rent
    </Link>
  </h3>
  <p>
    amount: 
    $195.00
     | created at: 
    Dec 27th, 1969
  </p>
</div>
`;
